###############################################################################
#
# IAR ELF Linker V7.10.3.6832/W32 for ARM                 18/Jul/2020  00:16:14
# Copyright 2007-2014 IAR Systems AB.
#
#    Output file  =  
#        F:\coretx\gimbal_test2\EWARM\gimbal_test2\Exe\gimbal_test2.out
#    Map file     =  
#        F:\coretx\gimbal_test2\EWARM\gimbal_test2/List\gimbal_test2.map
#    Command line =  
#        F:\coretx\gimbal_test2\EWARM\gimbal_test2\Obj\main.o
#        F:\coretx\gimbal_test2\EWARM\gimbal_test2\Obj\startup_stm32f401xe.o
#        F:\coretx\gimbal_test2\EWARM\gimbal_test2\Obj\stm32f4xx_hal.o
#        F:\coretx\gimbal_test2\EWARM\gimbal_test2\Obj\stm32f4xx_hal_cortex.o
#        F:\coretx\gimbal_test2\EWARM\gimbal_test2\Obj\stm32f4xx_hal_dma.o
#        F:\coretx\gimbal_test2\EWARM\gimbal_test2\Obj\stm32f4xx_hal_dma_ex.o
#        F:\coretx\gimbal_test2\EWARM\gimbal_test2\Obj\stm32f4xx_hal_flash.o
#        F:\coretx\gimbal_test2\EWARM\gimbal_test2\Obj\stm32f4xx_hal_flash_ex.o
#        F:\coretx\gimbal_test2\EWARM\gimbal_test2\Obj\stm32f4xx_hal_flash_ramfunc.o
#        F:\coretx\gimbal_test2\EWARM\gimbal_test2\Obj\stm32f4xx_hal_gpio.o
#        F:\coretx\gimbal_test2\EWARM\gimbal_test2\Obj\stm32f4xx_hal_msp.o
#        F:\coretx\gimbal_test2\EWARM\gimbal_test2\Obj\stm32f4xx_hal_pwr.o
#        F:\coretx\gimbal_test2\EWARM\gimbal_test2\Obj\stm32f4xx_hal_pwr_ex.o
#        F:\coretx\gimbal_test2\EWARM\gimbal_test2\Obj\stm32f4xx_hal_rcc.o
#        F:\coretx\gimbal_test2\EWARM\gimbal_test2\Obj\stm32f4xx_hal_rcc_ex.o
#        F:\coretx\gimbal_test2\EWARM\gimbal_test2\Obj\stm32f4xx_hal_tim.o
#        F:\coretx\gimbal_test2\EWARM\gimbal_test2\Obj\stm32f4xx_hal_tim_ex.o
#        F:\coretx\gimbal_test2\EWARM\gimbal_test2\Obj\stm32f4xx_hal_uart.o
#        F:\coretx\gimbal_test2\EWARM\gimbal_test2\Obj\stm32f4xx_it.o
#        F:\coretx\gimbal_test2\EWARM\gimbal_test2\Obj\system_stm32f4xx.o
#        --redirect _Printf=_PrintfFull --redirect _Scanf=_ScanfFull -o
#        F:\coretx\gimbal_test2\EWARM\gimbal_test2\Exe\gimbal_test2.out --map
#        F:\coretx\gimbal_test2\EWARM\gimbal_test2/List\gimbal_test2.map
#        --config F:\coretx\gimbal_test2\EWARM/stm32f401xe_flash.icf
#        --semihosting --entry __iar_program_start --vfe
#
###############################################################################

*******************************************************************************
*** RUNTIME MODEL ATTRIBUTES
***

CppFlavor                     = *
__SystemLibrary               = DLib
__dlib_dynamic_initialization = normal


*******************************************************************************
*** PLACEMENT SUMMARY
***

"A1":  place at 0x08000000 { ro section .intvec };
"P1":  place in [from 0x08000000 to 0x0807ffff] { ro };
"P2":  place in [from 0x20000000 to 0x20017fff] { rw, block CSTACK, block HEAP };

  Section             Kind        Address    Size  Object
  -------             ----        -------    ----  ------
"A1":                                       0x194
  .intvec             ro code  0x08000000   0x194  startup_stm32f401xe.o [1]
                             - 0x08000194   0x194

"P1":                                      0x45d0
  .text               ro code  0x08000194   0xc0c  main.o [1]
  .text               ro code  0x08000da0   0x674  stm32f4xx_hal_uart.o [1]
  .text               ro code  0x08001414     0x6  ABImemclr4.o [5]
  .text               ro code  0x0800141a    0x22  zero_init3.o [5]
  .text               ro code  0x0800143c    0x76  ABImemcpy_unaligned.o [5]
  .text               ro code  0x080014b2    0x10  atof.o [4]
  .text               ro code  0x080014c2     0x8  atoi.o [3]
  .text               ro code  0x080014cc   0x1a2  DblMul.o [4]
  .text               ro code  0x08001670   0x180  DblSub.o [4]
  .text               ro code  0x080017f0    0x58  DblToI32.o [4]
  .text               ro code  0x08001848    0xe8  DblAdd.o [4]
  .text               ro code  0x08001930    0x12  cos.o [4]
  .text               ro code  0x08001942    0x12  sin.o [4]
  .text               ro code  0x08001954    0x2c  I32ToDbl.o [4]
  .text               ro code  0x08001980    0xac  stm32f4xx_hal.o [1]
  .text               ro code  0x08001a2c    0xf6  stm32f4xx_hal_cortex.o [1]
  .text               ro code  0x08001b24   0x376  stm32f4xx_hal_tim.o [1]
  .text               ro code  0x08001e9c   0x460  stm32f4xx_hal_rcc.o [1]
  .text               ro code  0x080022fc   0x1c6  stm32f4xx_hal_gpio.o [1]
  .text               ro code  0x080024c4   0x290  stm32f4xx_hal_msp.o [1]
  .text               ro code  0x08002754   0x38c  stm32f4xx_hal_dma.o [1]
  .text               ro code  0x08002ae0    0x32  ABImemset48.o [5]
  .text               ro code  0x08002b14   0x168  xstod.o [4]
  .text               ro code  0x08002c7c   0x198  xstoul.o [3]
  .text               ro code  0x08002e14   0x458  xsin.o [4]
  .text               ro code  0x0800326c     0x4  stm32f4xx_hal_tim_ex.o [1]
  .text               ro code  0x08003270    0xee  I64DivMod.o [5]
  .text               ro code  0x0800335e   0x134  xstopfx.o [3]
  .text               ro code  0x08003494   0x1b8  xstoflt.o [3]
  .text               ro code  0x08003650   0x200  xdtento.o [4]
  .text               ro code  0x08003850   0x218  xstoxflt.o [3]
  .text               ro code  0x08003a68   0x114  xdscale.o [4]
  .text               ro code  0x08003b7c    0x28  isxxx.o [3]
  .text               ro code  0x08003ba4    0x14  tolower.o [3]
  .text               ro code  0x08003bb8    0x58  memchr.o [5]
  .text               ro code  0x08003c10     0xc  errno.o [3]
  .text               ro code  0x08003c1c    0x2e  DblCmpLe.o [4]
  .text               ro code  0x08003c4c    0x2e  DblCmpGe.o [4]
  .text               ro code  0x08003c7c   0x168  xquad.o [4]
  .text               ro code  0x08003de4     0x2  I64DivZer.o [5]
  .text               ro code  0x08003de8    0x6c  localeconv.o [3]
  .text               ro code  0x08003e54    0x42  xdnorm.o [4]
  .text               ro code  0x08003e98    0x20  DblCmpEq.o [4]
  .text               ro code  0x08003eb8    0x56  xdunscal.o [4]
  .text               ro code  0x08003f10   0x246  DblDiv.o [4]
  .text               ro code  0x08004158    0x18  setlocale.o [3]
  .text               ro code  0x08004170    0x16  xlocale_c.o [3]
  .text               ro code  0x08004186    0x14  xlocale_c.o [3]
  .text               ro code  0x0800419a     0xc  xlocale_c.o [3]
  .text               ro code  0x080041a6     0x2  xtls.o [3]
  .text               ro code  0x080041a8    0x7e  xdint.o [4]
  .text               ro code  0x08004228   0x1a8  fmod.o [4]
  .text               ro code  0x080043d0     0xc  iarEdom.o [5]
  .text               ro code  0x080043dc    0xd4  packbits_init.o [5]
  .text               ro code  0x080044b0     0x6  abort.o [3]
  .text               ro code  0x080044b8    0x14  exit.o [6]
  .text               ro code  0x080044cc    0x74  stm32f4xx_it.o [1]
  .text               ro code  0x08004540    0x60  system_stm32f4xx.o [1]
  .text               ro code  0x080045a0    0x28  data_init.o [5]
  .iar.init_table     const    0x080045c8    0x2c  - Linker created -
  .text               ro code  0x080045f4    0x1a  fpinit_M.o [4]
  .text               ro code  0x08004610    0x1a  cmain.o [5]
  .text               ro code  0x0800462a     0x4  low_level_init.o [3]
  .text               ro code  0x0800462e     0x4  exit.o [3]
  .text               ro code  0x08004634     0xa  cexit.o [5]
  .text               ro code  0x08004640    0x10  startup_stm32f401xe.o [1]
  .text               ro code  0x08004650     0xc  cstartup_M.o [5]
  .rodata             const    0x0800465c     0x8  system_stm32f4xx.o [1]
  .text               ro code  0x08004664     0x4  startup_stm32f401xe.o [1]
  .text               ro code  0x08004668     0x4  startup_stm32f401xe.o [1]
  .text               ro code  0x0800466c     0x4  startup_stm32f401xe.o [1]
  .text               ro code  0x08004670     0x4  startup_stm32f401xe.o [1]
  .text               ro code  0x08004674     0x4  startup_stm32f401xe.o [1]
  .text               ro code  0x08004678     0x4  startup_stm32f401xe.o [1]
  .text               ro code  0x0800467c     0x4  startup_stm32f401xe.o [1]
  .text               ro code  0x08004680     0x4  startup_stm32f401xe.o [1]
  .text               ro code  0x08004684     0x4  startup_stm32f401xe.o [1]
  .text               ro code  0x08004688     0x4  startup_stm32f401xe.o [1]
  .text               ro code  0x0800468c     0x4  startup_stm32f401xe.o [1]
  .text               ro code  0x08004690     0x4  startup_stm32f401xe.o [1]
  .text               ro code  0x08004694     0x4  startup_stm32f401xe.o [1]
  .text               ro code  0x08004698     0x4  startup_stm32f401xe.o [1]
  .text               ro code  0x0800469c     0x4  startup_stm32f401xe.o [1]
  .text               ro code  0x080046a0     0x4  startup_stm32f401xe.o [1]
  .text               ro code  0x080046a4     0x4  startup_stm32f401xe.o [1]
  .text               ro code  0x080046a8     0x4  startup_stm32f401xe.o [1]
  .text               ro code  0x080046ac     0x4  startup_stm32f401xe.o [1]
  .text               ro code  0x080046b0     0x4  startup_stm32f401xe.o [1]
  .text               ro code  0x080046b4     0x4  startup_stm32f401xe.o [1]
  .text               ro code  0x080046b8     0x4  startup_stm32f401xe.o [1]
  .text               ro code  0x080046bc     0x4  startup_stm32f401xe.o [1]
  .text               ro code  0x080046c0     0x4  startup_stm32f401xe.o [1]
  .text               ro code  0x080046c4     0x4  startup_stm32f401xe.o [1]
  .text               ro code  0x080046c8     0x4  startup_stm32f401xe.o [1]
  .text               ro code  0x080046cc     0x4  startup_stm32f401xe.o [1]
  .text               ro code  0x080046d0     0x4  startup_stm32f401xe.o [1]
  .text               ro code  0x080046d4     0x4  startup_stm32f401xe.o [1]
  .text               ro code  0x080046d8     0x4  startup_stm32f401xe.o [1]
  .text               ro code  0x080046dc     0x4  startup_stm32f401xe.o [1]
  .text               ro code  0x080046e0     0x4  startup_stm32f401xe.o [1]
  .text               ro code  0x080046e4     0x4  startup_stm32f401xe.o [1]
  .text               ro code  0x080046e8     0x4  startup_stm32f401xe.o [1]
  .text               ro code  0x080046ec     0x4  startup_stm32f401xe.o [1]
  .text               ro code  0x080046f0     0x4  startup_stm32f401xe.o [1]
  .text               ro code  0x080046f4     0x4  startup_stm32f401xe.o [1]
  .text               ro code  0x080046f8     0x4  startup_stm32f401xe.o [1]
  .text               ro code  0x080046fc     0x4  startup_stm32f401xe.o [1]
  .text               ro code  0x08004700     0x4  startup_stm32f401xe.o [1]
  .text               ro code  0x08004704     0x4  startup_stm32f401xe.o [1]
  .text               ro code  0x08004708     0x4  startup_stm32f401xe.o [1]
  .text               ro code  0x0800470c     0x4  startup_stm32f401xe.o [1]
  .text               ro code  0x08004710     0x4  startup_stm32f401xe.o [1]
  .text               ro code  0x08004714     0x4  startup_stm32f401xe.o [1]
  .text               ro code  0x08004718     0x4  startup_stm32f401xe.o [1]
  .text               ro code  0x0800471c     0x4  startup_stm32f401xe.o [1]
  .text               ro code  0x08004720     0x4  startup_stm32f401xe.o [1]
  .text               ro code  0x08004724     0x4  startup_stm32f401xe.o [1]
  .text               ro code  0x08004728     0x4  startup_stm32f401xe.o [1]
  .text               ro code  0x0800472c     0x4  startup_stm32f401xe.o [1]
  .text               ro code  0x08004730     0x4  startup_stm32f401xe.o [1]
  .text               ro code  0x08004734     0x4  startup_stm32f401xe.o [1]
  .text               ro code  0x08004738     0x4  startup_stm32f401xe.o [1]
  .text               ro code  0x0800473c     0x4  startup_stm32f401xe.o [1]
  .rodata             const    0x08004740     0x0  zero_init3.o [5]
  .rodata             const    0x08004740     0x0  packbits_init.o [5]
  Initializer bytes   ro data  0x08004740    0x24  <for P2 s0>
                             - 0x08004764  0x45d0

"P2", part 1 of 3:                          0x158
  P2 s0                        0x20000000   0x158  <Init block>
    __DLIB_PERTHREAD  inited   0x20000000    0x88  localeconv.o [3]
    __DLIB_PERTHREAD  inited   0x20000088    0x74  setlocale.o [3]
    .data             inited   0x200000fc     0xc  stm32f4xx_hal.o [1]
    .data             inited   0x20000108    0x48  main.o [1]
    .data             inited   0x20000150     0x4  system_stm32f4xx.o [1]
    __DLIB_PERTHREAD  inited   0x20000154     0x4  errno.o [3]
                             - 0x20000158   0x158

"P2", part 2 of 3:                          0x2d8
  .bss                zero     0x20000158    0x60  main.o [1]
  .bss                zero     0x200001b8    0x60  main.o [1]
  .bss                zero     0x20000218    0x60  main.o [1]
  .bss                zero     0x20000278    0x60  main.o [1]
  .bss                zero     0x200002d8    0x54  main.o [1]
  .bss                zero     0x2000032c    0x44  main.o [1]
  .bss                zero     0x20000370    0x40  main.o [1]
  .bss                zero     0x200003b0    0x40  main.o [1]
  .bss                zero     0x200003f0    0x3c  main.o [1]
                             - 0x2000042c   0x2d4

"P2", part 3 of 3:                          0x400
  CSTACK                       0x20000430   0x400  <Block>
    CSTACK            uninit   0x20000430   0x400  <Block tail>
                             - 0x20000830   0x400


*******************************************************************************
*** INIT TABLE
***

          Address     Size
          -------     ----
Zero (__iar_zero_init3)
    1 destination range, total size 0x2d4:
          0x20000158  0x2d4

Copy/packbits (__iar_packbits_init3)
    1 source range, total size 0x24 (10% of destination):
          0x08004740   0x24
    1 destination range, total size 0x158:
          0x20000000  0x158



*******************************************************************************
*** MODULE SUMMARY
***

    Module                  ro code  ro data  rw data
    ------                  -------  -------  -------
F:\coretx\gimbal_test2\EWARM\gimbal_test2\Obj: [1]
    main.o                    3 084        8      796
    startup_stm32f401xe.o       640
    stm32f4xx_hal.o             172        1       12
    stm32f4xx_hal_cortex.o      246
    stm32f4xx_hal_dma.o         908
    stm32f4xx_hal_gpio.o        454
    stm32f4xx_hal_msp.o         656
    stm32f4xx_hal_rcc.o       1 120
    stm32f4xx_hal_tim.o         886
    stm32f4xx_hal_tim_ex.o        4
    stm32f4xx_hal_uart.o      1 652
    stm32f4xx_it.o              116
    system_stm32f4xx.o           96        8        4
    -------------------------------------------------
    Total:                   10 034       17      812

command line: [2]
    -------------------------------------------------
    Total:

dl7M_tlf.a: [3]
    abort.o                       6
    atoi.o                        8
    errno.o                      12        1        4
    exit.o                        4
    isxxx.o                      40
    localeconv.o                108       14      136
    low_level_init.o              4
    setlocale.o                  24       12      116
    tolower.o                    20
    xlocale_c.o                  54
    xstoflt.o                   440
    xstopfx.o                   308
    xstoul.o                    408
    xstoxflt.o                  536
    xtls.o                        2
    -------------------------------------------------
    Total:                    1 974       27      256

m7M_tlv.a: [4]
    DblAdd.o                    232
    DblCmpEq.o                   32
    DblCmpGe.o                   46
    DblCmpLe.o                   46
    DblDiv.o                    582
    DblMul.o                    418
    DblSub.o                    384
    DblToI32.o                   88
    I32ToDbl.o                   44
    atof.o                       16
    cos.o                        18
    fmod.o                      424
    fpinit_M.o                   26
    sin.o                        18
    xdint.o                     126
    xdnorm.o                     66
    xdscale.o                   276
    xdtento.o                   512
    xdunscal.o                   86
    xquad.o                     360
    xsin.o                    1 112
    xstod.o                     360
    -------------------------------------------------
    Total:                    5 272

rt7M_tl.a: [5]
    ABImemclr4.o                  6
    ABImemcpy_unaligned.o       118
    ABImemset48.o                50
    I64DivMod.o                 238
    I64DivZer.o                   2
    cexit.o                      10
    cmain.o                      26
    cstartup_M.o                 12
    data_init.o                  40
    iarEdom.o                    12
    memchr.o                     88
    packbits_init.o             212
    zero_init3.o                 34
    -------------------------------------------------
    Total:                      848

shb_l.a: [6]
    exit.o                       20
    -------------------------------------------------
    Total:                       20

    Gaps                         40
    Linker created                        44    1 024
-----------------------------------------------------
    Grand Total:             18 188       88    2 092


*******************************************************************************
*** ENTRY LIST
***

Entry                      Address   Size  Type      Object
-----                      -------   ----  ----      ------
?main                   0x08004611         Code  Gb  cmain.o [5]
AHBPrescTable           0x08004590   0x10  Data  Gb  system_stm32f4xx.o [1]
APBPrescTable           0x0800465c    0x8  Data  Gb  system_stm32f4xx.o [1]
A_pitch                 0x200002fc    0x8  Data  Gb  main.o [1]
A_roll                  0x200002f4    0x8  Data  Gb  main.o [1]
A_yaw                   0x20000304    0x8  Data  Gb  main.o [1]
Angle                   0x08000195   0xee  Code  Gb  main.o [1]
AngleXL                 0x080007db   0x16  Code  Gb  main.o [1]
CSTACK$$Base            0x20000430          --   Gb  - Linker created -
CSTACK$$Limit           0x20000830          --   Gb  - Linker created -
DMA2_Stream1_IRQHandler
                        0x08004505    0x6  Code  Gb  stm32f4xx_it.o [1]
DMA2_Stream2_IRQHandler
                        0x0800450b    0x6  Code  Gb  stm32f4xx_it.o [1]
DMA2_Stream6_IRQHandler
                        0x08004511    0x6  Code  Gb  stm32f4xx_it.o [1]
DMA2_Stream7_IRQHandler
                        0x08004517    0x6  Code  Gb  stm32f4xx_it.o [1]
DMA_CalcBaseAndBitshift
                        0x08002ab3   0x24  Code  Lc  stm32f4xx_hal_dma.o [1]
DMA_SetConfig           0x08002a95   0x1e  Code  Lc  stm32f4xx_hal_dma.o [1]
EXTI15_10_IRQHandler    0x080044fd    0x8  Code  Gb  stm32f4xx_it.o [1]
EXTI9_5_IRQHandler      0x080044db   0x16  Code  Gb  stm32f4xx_it.o [1]
EulerRotation           0x08000291  0x25c  Code  Gb  main.o [1]
HAL_DMA_Abort_IT        0x080028b7   0x24  Code  Gb  stm32f4xx_hal_dma.o [1]
HAL_DMA_IRQHandler      0x080028db  0x1b0  Code  Gb  stm32f4xx_hal_dma.o [1]
HAL_DMA_Init            0x08002755   0xf0  Code  Gb  stm32f4xx_hal_dma.o [1]
HAL_DMA_Start_IT        0x08002845   0x66  Code  Gb  stm32f4xx_hal_dma.o [1]
HAL_Delay               0x080019fd   0x22  Code  Wk  stm32f4xx_hal.o [1]
HAL_GPIO_EXTI_Callback  0x080024c1    0x2  Code  Wk  stm32f4xx_hal_gpio.o [1]
HAL_GPIO_EXTI_IRQHandler
                        0x08002487   0x14  Code  Gb  stm32f4xx_hal_gpio.o [1]
HAL_GPIO_Init           0x080022fd  0x182  Code  Gb  stm32f4xx_hal_gpio.o [1]
HAL_GPIO_WritePin       0x0800247f    0x8  Code  Gb  stm32f4xx_hal_gpio.o [1]
HAL_GetTick             0x080019f7    0x6  Code  Wk  stm32f4xx_hal.o [1]
HAL_IncTick             0x080019e9    0xe  Code  Wk  stm32f4xx_hal.o [1]
HAL_Init                0x08001981   0x30  Code  Gb  stm32f4xx_hal.o [1]
HAL_InitTick            0x080019b1   0x38  Code  Wk  stm32f4xx_hal.o [1]
HAL_MspInit             0x080024c5   0x60  Code  Gb  stm32f4xx_hal_msp.o [1]
HAL_NVIC_EnableIRQ      0x08001aad    0xc  Code  Gb  stm32f4xx_hal_cortex.o [1]
HAL_NVIC_SetPriority    0x08001a6b   0x42  Code  Gb  stm32f4xx_hal_cortex.o [1]
HAL_NVIC_SetPriorityGrouping
                        0x08001a51   0x1a  Code  Gb  stm32f4xx_hal_cortex.o [1]
HAL_RCC_ClockConfig     0x0800214b  0x10a  Code  Gb  stm32f4xx_hal_rcc.o [1]
HAL_RCC_GetHCLKFreq     0x080022a1    0x6  Code  Gb  stm32f4xx_hal_rcc.o [1]
HAL_RCC_GetPCLK1Freq    0x080022a7   0x10  Code  Gb  stm32f4xx_hal_rcc.o [1]
HAL_RCC_GetPCLK2Freq    0x080022b7    0xe  Code  Gb  stm32f4xx_hal_rcc.o [1]
HAL_RCC_GetSysClockFreq
                        0x08002255   0x4c  Code  Wk  stm32f4xx_hal_rcc.o [1]
HAL_RCC_OscConfig       0x08001e9d  0x2a6  Code  Wk  stm32f4xx_hal_rcc.o [1]
HAL_SYSTICK_CLKSourceConfig
                        0x08001ae9   0x14  Code  Gb  stm32f4xx_hal_cortex.o [1]
HAL_SYSTICK_Callback    0x08001b21    0x2  Code  Wk  stm32f4xx_hal_cortex.o [1]
HAL_SYSTICK_Config      0x08001ac1   0x28  Code  Gb  stm32f4xx_hal_cortex.o [1]
HAL_SYSTICK_IRQHandler  0x08001b19    0x8  Code  Gb  stm32f4xx_hal_cortex.o [1]
HAL_TIMEx_BreakCallback
                        0x0800326f    0x2  Code  Wk  stm32f4xx_hal_tim_ex.o [1]
HAL_TIMEx_CommutationCallback
                        0x0800326d    0x2  Code  Wk  stm32f4xx_hal_tim_ex.o [1]
HAL_TIM_Base_Init       0x08001b25   0x1a  Code  Gb  stm32f4xx_hal_tim.o [1]
HAL_TIM_Base_MspInit    0x08002525   0x38  Code  Gb  stm32f4xx_hal_msp.o [1]
HAL_TIM_Base_Start_IT   0x08001b3f   0x16  Code  Gb  stm32f4xx_hal_tim.o [1]
HAL_TIM_ConfigClockSource
                        0x08001cbf   0xb4  Code  Gb  stm32f4xx_hal_tim.o [1]
HAL_TIM_IC_CaptureCallback
                        0x08001d95    0x2  Code  Wk  stm32f4xx_hal_tim.o [1]
HAL_TIM_IRQHandler      0x08001b75  0x14a  Code  Gb  stm32f4xx_hal_tim.o [1]
HAL_TIM_OC_DelayElapsedCallback
                        0x08001d93    0x2  Code  Wk  stm32f4xx_hal_tim.o [1]
HAL_TIM_PWM_PulseFinishedCallback
                        0x08001d97    0x2  Code  Wk  stm32f4xx_hal_tim.o [1]
HAL_TIM_PeriodElapsedCallback
                        0x080007f1   0x72  Code  Gb  main.o [1]
HAL_TIM_TriggerCallback
                        0x08001d99    0x2  Code  Wk  stm32f4xx_hal_tim.o [1]
HAL_UART_ErrorCallback  0x080010c1    0x2  Code  Wk  stm32f4xx_hal_uart.o [1]
HAL_UART_IRQHandler     0x08000f73  0x148  Code  Gb  stm32f4xx_hal_uart.o [1]
HAL_UART_Init           0x08000da1   0x30  Code  Gb  stm32f4xx_hal_uart.o [1]
HAL_UART_MspInit        0x0800255d  0x156  Code  Gb  stm32f4xx_hal_msp.o [1]
HAL_UART_Receive_DMA    0x08000ecb   0x9c  Code  Gb  stm32f4xx_hal_uart.o [1]
HAL_UART_RxCpltCallback
                        0x080010bd    0x2  Code  Wk  stm32f4xx_hal_uart.o [1]
HAL_UART_RxHalfCpltCallback
                        0x080010bf    0x2  Code  Wk  stm32f4xx_hal_uart.o [1]
HAL_UART_Transmit       0x08000e0d   0xa8  Code  Gb  stm32f4xx_hal_uart.o [1]
HAL_UART_TxCpltCallback
                        0x080010bb    0x2  Code  Wk  stm32f4xx_hal_uart.o [1]
InStream_Read           0x080043dd   0x22  Code  Lc  packbits_init.o [5]
MX_GPIO_Init            0x08000a4d   0xe6  Code  Lc  main.o [1]
NVIC_GetPriorityGrouping
                        0x08001a2d    0xa  Code  Lc  stm32f4xx_hal_cortex.o [1]
NVIC_SetPriority        0x08001a37   0x1a  Code  Lc  stm32f4xx_hal_cortex.o [1]
Region$$Table$$Base     0x080045c8          --   Gb  - Linker created -
Region$$Table$$Limit    0x080045f4          --   Gb  - Linker created -
SyncWrite               0x0800071d   0xbe  Code  Gb  main.o [1]
SysTick_Handler         0x080044cd    0xe  Code  Gb  stm32f4xx_it.o [1]
SystemClock_Config      0x08000997   0xb0  Code  Gb  main.o [1]
SystemCoreClock         0x20000150    0x4  Data  Gb  system_stm32f4xx.o [1]
SystemInit              0x08004541   0x3a  Code  Gb  system_stm32f4xx.o [1]
TIM1_BRK_TIM9_IRQHandler
                        0x080044f1    0x6  Code  Gb  stm32f4xx_it.o [1]
TIM_Base_SetConfig      0x08001d9b   0x72  Code  Gb  stm32f4xx_hal_tim.o [1]
TIM_ETR_SetConfig       0x08001e87   0x14  Code  Lc  stm32f4xx_hal_tim.o [1]
TIM_ITRx_SetConfig      0x08001e77   0x10  Code  Lc  stm32f4xx_hal_tim.o [1]
TIM_TI1_ConfigInputStage
                        0x08001e31   0x22  Code  Lc  stm32f4xx_hal_tim.o [1]
TIM_TI2_ConfigInputStage
                        0x08001e53   0x24  Code  Lc  stm32f4xx_hal_tim.o [1]
TorqueEnable            0x080006b5   0x66  Code  Gb  main.o [1]
UART_DMAAbortOnError    0x080011dd   0x10  Code  Lc  stm32f4xx_hal_uart.o [1]
UART_DMAError           0x08001105   0x48  Code  Lc  stm32f4xx_hal_uart.o [1]
UART_DMAReceiveCplt     0x080010c5   0x34  Code  Lc  stm32f4xx_hal_uart.o [1]
UART_DMARxHalfCplt      0x080010f9    0xa  Code  Lc  stm32f4xx_hal_uart.o [1]
UART_EndRxTransfer      0x080011bf   0x1c  Code  Lc  stm32f4xx_hal_uart.o [1]
UART_EndTxTransfer      0x080011ad   0x12  Code  Lc  stm32f4xx_hal_uart.o [1]
UART_Receive_IT         0x080011ed   0x7e  Code  Lc  stm32f4xx_hal_uart.o [1]
UART_SetConfig          0x08001279  0x18e  Code  Lc  stm32f4xx_hal_uart.o [1]
UART_WaitOnFlagUntilTimeout
                        0x0800114d   0x60  Code  Lc  stm32f4xx_hal_uart.o [1]
USART1_IRQHandler       0x080044f7    0x6  Code  Gb  stm32f4xx_it.o [1]
USART6_IRQHandler       0x0800451d    0x6  Code  Gb  stm32f4xx_it.o [1]
_Error_Handler          0x08000b9d    0x2  Code  Gb  main.o [1]
_IsdstStr               0x2000008c    0x4  Data  Gb  setlocale.o [3]
_LocaleC_isalpha        0x08004171   0x16  Code  Gb  xlocale_c.o [3]
_LocaleC_isspace        0x08004187   0x14  Code  Gb  xlocale_c.o [3]
_LocaleC_tolower        0x0800419b    0xc  Code  Gb  xlocale_c.o [3]
_LocaleForCat           0x08004159   0x12  Code  Gb  setlocale.o [3]
_LocaleReturnString     0x200000ac   0x50  Data  Lc  setlocale.o [3]
_Locale_Profile         0x20000090   0x1c  Data  Gb  setlocale.o [3]
_Locale_aeabi_lconv     0x20000050   0x38  Data  Gb  localeconv.o [3]
_Locale_lconv           0x20000000   0x50  Data  Gb  localeconv.o [3]
_Stoflt                 0x08003495  0x1b8  Code  Gb  xstoflt.o [3]
_Stopfx                 0x0800335f  0x134  Code  Gb  xstopfx.o [3]
_Stoxflt                0x08003851  0x1e2  Code  Gb  xstoxflt.o [3]
_TzoneStr               0x20000088    0x4  Data  Gb  setlocale.o [3]
__aeabi_cdcmpeq         0x08003e99         Code  Gb  DblCmpEq.o [4]
__aeabi_cdcmple         0x08003c1d         Code  Gb  DblCmpLe.o [4]
__aeabi_cdrcmple        0x08003c4d         Code  Gb  DblCmpGe.o [4]
__aeabi_d2iz            0x080017f1         Code  Gb  DblToI32.o [4]
__aeabi_d2uiz           0x0800181d         Code  Gb  DblToI32.o [4]
__aeabi_dadd            0x08001849         Code  Gb  DblAdd.o [4]
__aeabi_ddiv            0x08003f11         Code  Gb  DblDiv.o [4]
__aeabi_dmul            0x080014cd         Code  Gb  DblMul.o [4]
__aeabi_dsub            0x08001671         Code  Gb  DblSub.o [4]
__aeabi_errno_addr      0x08003c11    0x6  Code  Gb  errno.o [3]
__aeabi_i2d             0x08001955         Code  Gb  I32ToDbl.o [4]
__aeabi_ldiv0           0x08003de5         Code  Gb  I64DivZer.o [5]
__aeabi_memclr4         0x08001415         Code  Gb  ABImemclr4.o [5]
__aeabi_uldivmod        0x08003271         Code  Gb  I64DivMod.o [5]
__cmain                 0x08004611         Code  Gb  cmain.o [5]
__exit                  0x080044b9   0x14  Code  Gb  exit.o [6]
__iar_Dint              0x080041a9   0x7e  Code  Gb  xdint.o [4]
__iar_Dnorm             0x08003e55   0x42  Code  Gb  xdnorm.o [4]
__iar_Dscale            0x08003a69  0x114  Code  Gb  xdscale.o [4]
__iar_Dtentox           0x080036ad  0x13e  Code  Gb  xdtento.o [4]
__iar_Dunscale          0x08003eb9   0x56  Code  Gb  xdunscal.o [4]
__iar_Errno             0x20000154    0x4  Data  Gb  errno.o [3]
__iar_Locale_lconv_init
                        0x08003de9   0x3a  Code  Gb  localeconv.o [3]
__iar_Memchr            0x08003bb9         Code  Gb  memchr.o [5]
__iar_Memset4_word      0x08002ae1         Code  Gb  ABImemset48.o [5]
__iar_Memset8_word      0x08002ae1         Code  Gb  ABImemset48.o [5]
__iar_Quad              0x08003c7d  0x12c  Code  Gb  xquad.o [4]
__iar_Sin               0x08002e15  0x452  Code  Gb  xsin.o [4]
__iar_Stod              0x08002c79    0x4  Code  Gb  xstod.o [4]
__iar_Stodx             0x08002b15  0x14e  Code  Gb  xstod.o [4]
__iar_Stoul             0x08002dc1    0x4  Code  Gb  xstoul.o [3]
__iar_Stoulx            0x08002c7d  0x13e  Code  Gb  xstoul.o [3]
__iar_d2uiz             0x08001829         Code  Gb  DblToI32.o [4]
__iar_dadd              0x0800185d         Code  Gb  DblAdd.o [4]
__iar_data_init3        0x080045a1   0x28  Code  Gb  data_init.o [5]
__iar_dlib_perthread_access
                        0x080041a7    0x2  Code  Gb  xtls.o [3]
__iar_dsub              0x08001685         Code  Gb  DblSub.o [4]
__iar_dsubStart         0x08001697         Code  Gb  DblSub.o [4]
__iar_edom              0x080043d1         Code  Gb  iarEdom.o [5]
__iar_fmod              0x08004229         Code  Gb  fmod.o [4]
__iar_fmodl             0x08004229         Code  Gb  fmod.o [4]
__iar_init_vfp          0x080045f5         Code  Gb  fpinit_M.o [4]
__iar_packbits_init3    0x080043ff   0xb2  Code  Gb  packbits_init.o [5]
__iar_program_start     0x08004651         Code  Gb  cstartup_M.o [5]
__iar_ui2d              0x08001969         Code  Gb  I32ToDbl.o [4]
__iar_unaligned___aeabi_memcpy
                        0x0800143d         Code  Gb  ABImemcpy_unaligned.o [5]
__iar_unaligned___aeabi_memcpy4
                        0x0800145d         Code  Gb  ABImemcpy_unaligned.o [5]
__iar_unaligned___aeabi_memcpy8
                        0x0800145d         Code  Gb  ABImemcpy_unaligned.o [5]
__iar_vfp_atof          0x080014b3   0x10  Code  Gb  atof.o [4]
__iar_vfp_cos           0x08001931   0x12  Code  Gb  cos.o [4]
__iar_vfp_sin           0x08001943   0x12  Code  Gb  sin.o [4]
__iar_zero_init3        0x0800141b   0x22  Code  Gb  zero_init3.o [5]
__low_level_init        0x0800462b    0x4  Code  Gb  low_level_init.o [3]
__vector_table          0x08000000         Data  Gb  startup_stm32f401xe.o [1]
_call_main              0x0800461d         Code  Gb  cmain.o [5]
_exit                   0x08004635         Code  Gb  cexit.o [5]
_main                   0x08004627         Code  Gb  cmain.o [5]
abort                   0x080044b1    0x6  Code  Gb  abort.o [3]
alpha                   0x20000120    0x8  Data  Gb  main.o [1]
atoi                    0x080014c3    0x8  Code  Gb  atoi.o [3]
beta                    0x20000128    0x8  Data  Gb  main.o [1]
cnt                     0x20000140    0x4  Data  Gb  main.o [1]
cnt2                    0x2000030c    0x4  Data  Gb  main.o [1]
com1                    0x20000310    0x4  Data  Gb  main.o [1]
com2                    0x20000314    0x4  Data  Gb  main.o [1]
com3                    0x20000318    0x4  Data  Gb  main.o [1]
digits                  0x08002dc4   0x28  Data  Lc  xstoul.o [3]
dmul                    0x08003651   0x5a  Code  Lc  xdtento.o [4]
exit                    0x0800462f    0x4  Code  Gb  exit.o [3]
fin                     0x2000031c    0x4  Data  Gb  main.o [1]
fmod                    0x08004229         Code  Gb  fmod.o [4]
fmodl                   0x08004229         Code  Gb  fmod.o [4]
gamma                   0x20000130    0x8  Data  Gb  main.o [1]
hdma_usart1_rx          0x20000158   0x60  Data  Gb  main.o [1]
hdma_usart1_tx          0x200001b8   0x60  Data  Gb  main.o [1]
hdma_usart6_rx          0x20000218   0x60  Data  Gb  main.o [1]
hdma_usart6_tx          0x20000278   0x60  Data  Gb  main.o [1]
htim9                   0x200003f0   0x3c  Data  Gb  main.o [1]
huart1                  0x20000370   0x40  Data  Gb  main.o [1]
huart2                  0x200003b0   0x40  Data  Gb  main.o [1]
huart6                  0x20000330   0x40  Data  Gb  main.o [1]
ialpha                  0x20000144    0x4  Data  Gb  main.o [1]
ibeta                   0x20000148    0x4  Data  Gb  main.o [1]
igamma                  0x2000014c    0x4  Data  Gb  main.o [1]
ipitch                  0x20000320    0x4  Data  Gb  main.o [1]
iroll                   0x20000324    0x4  Data  Gb  main.o [1]
isalpha                 0x08003b7d   0x14  Code  Gb  isxxx.o [3]
isspace                 0x08003b91   0x14  Code  Gb  isxxx.o [3]
iyaw                    0x20000328    0x4  Data  Gb  main.o [1]
localeconv              0x08003e23   0x16  Code  Gb  localeconv.o [3]
main                    0x08000863  0x126  Code  Gb  main.o [1]
memchr                  0x08003bb9         Code  Gb  memchr.o [5]
ndigs                   0x08002dec   0x28  Data  Lc  xstoul.o [3]
pitch                   0x20000108    0x8  Data  Gb  main.o [1]
pows                    0x08003808   0x48  Data  Lc  xdtento.o [4]
radian                  0x20000138    0x8  Data  Gb  main.o [1]
roll                    0x20000110    0x8  Data  Gb  main.o [1]
rx_buffer               0x200002d8   0x1c  Data  Gb  main.o [1]
tolower                 0x08003ba5   0x14  Code  Gb  tolower.o [3]
tx_len                  0x2000032c    0x1  Data  Gb  main.o [1]
update_crc              0x08000675   0x40  Code  Gb  main.o [1]
uwTick                  0x20000100    0x4  Data  Gb  stm32f4xx_hal.o [1]
uwTickFreq              0x200000fc    0x1  Data  Gb  stm32f4xx_hal.o [1]
uwTickPrio              0x20000104    0x4  Data  Gb  stm32f4xx_hal.o [1]
yaw                     0x20000118    0x8  Data  Gb  main.o [1]


[1] = F:\coretx\gimbal_test2\EWARM\gimbal_test2\Obj
[2] = command line
[3] = dl7M_tlf.a
[4] = m7M_tlv.a
[5] = rt7M_tl.a
[6] = shb_l.a

  18 188 bytes of readonly  code memory
      88 bytes of readonly  data memory
   2 092 bytes of readwrite data memory

Errors: none
Warnings: none
